<html>
<body>
<pre>
<h1>µVision Build Log</h1>
<h2>Tool Versions:</h2>
IDE-Version: •ÏVision V5.32.0.0
Copyright (C) 2020 ARM Ltd and ARM Germany GmbH. All rights reserved.
License Information: Hoonhee Lee WIZnet Flex license: MDK Essential 5.32 (Flex): 1 user(s) (mdk_essential) Support: Sep 2020
 
Tool Versions:
Toolchain:       MDK Essential 5.32 (Flex): 1 user(s)  Version: 5.32.0.0
Toolchain Path:  C:\Keil_v5\ARM\ARMCC\Bin
C Compiler:      Armcc.exe V5.06 update 7 (build 960)
Assembler:       Armasm.exe V5.06 update 7 (build 960)
Linker/Locator:  ArmLink.exe V5.06 update 7 (build 960)
Library Manager: ArmAr.exe V5.06 update 7 (build 960)
Hex Converter:   FromElf.exe V5.06 update 7 (build 960)
CPU DLL:         SARMCM3.DLL V5.32.0.0
Dialog DLL:      DCM.DLL V1.17.3.0
Target DLL:      UL2CM3.DLL V1.163.9.0
Dialog DLL:      TCM.DLL V1.46.0.0
 
<h2>Project:</h2>
D:\Project\W6100\W6100_STM32F411_AWS_Release\MDK-ARM\W6100_STM32F411_AWS.uvprojx
Project File Date:  10/13/2023

<h2>Output:</h2>
*** Using Compiler 'V5.06 update 7 (build 960)', folder: 'C:\Keil_v5\ARM\ARMCC\Bin'
Rebuild target 'W6100_STM32F411_AWS'
assembling startup_stm32f411xe.s...
compiling stm32f4xx_hal_cortex.c...
compiling stm32f4xx_hal_flash_ramfunc.c...
compiling stm32f4xx_hal_gpio.c...
compiling stm32f4xx_hal_pwr.c...
compiling stm32f4xx_hal_pwr_ex.c...
compiling stm32f4xx_hal_rcc_ex.c...
compiling stm32f4xx_it.c...
compiling stm32f4xx_hal_msp.c...
compiling stm32f4xx_hal_flash_ex.c...
compiling stm32f4xx_hal_rcc.c...
compiling stm32f4xx_hal_dma.c...
compiling stm32f4xx_hal_flash.c...
compiling stm32f4xx_hal_dma_ex.c...
compiling stm32f4xx_hal_spi.c...
compiling w6100.c...
compiling loopback.c...
compiling wizchip_conf.c...
compiling main.c...
compiling dns.c...
compiling dhcpv4.c...
compiling socket.c...
compiling ssl_transport_interface.c...
compiling mqtt_transport_interface.c...
compiling stm32f4xx_hal.c...
compiling http_transport_interface.c...
compiling timer_interface.c...
compiling stm32f4xx_hal_exti.c...
compiling dns_interface.c...
compiling util.c...
compiling aesni.c...
compiling system_stm32f4xx.c...
compiling arc4.c...
compiling aes.c...
compiling aria.c...
compiling stm32f4xx_hal_tim_ex.c...
compiling timer.c...
compiling asn1write.c...
compiling asn1parse.c...
compiling stm32f4xx_hal_uart.c...
compiling w6x00_spi.c...
compiling base64.c...
compiling blowfish.c...
compiling camellia.c...
compiling stm32f4xx_hal_tim.c...
compiling ccm.c...
compiling chacha20.c...
compiling certs.c...
compiling chachapoly.c...
compiling bignum.c...
compiling cipher.c...
compiling cipher_wrap.c...
compiling cmac.c...
compiling debug.c...
compiling ctr_drbg.c...
compiling des.c...
compiling ecdh.c...
compiling ecdsa.c...
compiling dhm.c...
compiling ecjpake.c...
compiling ecp.c...
compiling ecp_curves.c...
compiling entropy.c...
compiling entropy_poll.c...
compiling error.c...
compiling havege.c...
compiling gcm.c...
compiling hkdf.c...
compiling hmac_drbg.c...
compiling md.c...
compiling md2.c...
compiling md4.c...
compiling md5.c...
compiling memory_buffer_alloc.c...
compiling net_sockets.c...
compiling nist_kw.c...
compiling padlock.c...
compiling oid.c...
compiling pk.c...
compiling pem.c...
compiling pk_wrap.c...
compiling pkcs5.c...
compiling pkcs11.c...
compiling pkcs12.c...
compiling pkparse.c...
compiling pkwrite.c...
compiling platform.c...
compiling poly1305.c...
compiling platform_util.c...
compiling psa_crypto.c...
compiling psa_crypto_se.c...
compiling psa_crypto_driver_wrappers.c...
compiling psa_crypto_slot_management.c...
compiling psa_crypto_storage.c...
compiling psa_its_file.c...
compiling ripemd160.c...
compiling sha1.c...
compiling rsa_internal.c...
compiling sha512.c...
compiling sha256.c...
compiling ssl_cache.c...
compiling rsa.c...
compiling ssl_cookie.c...
compiling ssl_srv.c...
compiling ssl_ciphersuites.c...
compiling ssl_cli.c...
compiling ssl_ticket.c...
compiling ssl_tls13_keys.c...
compiling ssl_msg.c...
compiling threading.c...
compiling timing.c...
compiling version.c...
compiling version_features.c...
compiling ssl_tls.c...
compiling x509_create.c...
compiling x509.c...
compiling x509_crl.c...
compiling x509write_crt.c...
compiling x509_csr.c...
compiling x509write_csr.c...
compiling xtea.c...
compiling x509_crt.c...
compiling core_mqtt_serializer.c...
compiling core_http_client.c...
compiling core_mqtt.c...
compiling core_mqtt_state.c...
compiling http_parser.c...
linking...
Program Size: Code=81696 RO-data=8912 RW-data=584 ZI-data=83520  
FromELF: creating hex file...
".\W6100_STM32F411_AWS\W6100_STM32F411_AWS.axf" - 0 Error(s), 0 Warning(s).

<h2>Software Packages used:</h2>

Package Vendor: ARM
                http://www.keil.com/pack/ARM.CMSIS.5.9.0.pack
                ARM.CMSIS.5.9.0
                CMSIS (Common Microcontroller Software Interface Standard)
   * Component: CORE Version: 5.6.0

Package Vendor: Keil
                http://www.keil.com/pack/Keil.STM32F4xx_DFP.2.16.0.pack
                Keil.STM32F4xx_DFP.2.16.0
                STMicroelectronics STM32F4 Series Device Support, Drivers and Examples

<h2>Collection of Component include folders:</h2>
  .\RTE\_W6100_STM32F411_AWS
  C:\Users\mason\AppData\Local\Arm\Packs\ARM\CMSIS\5.9.0\CMSIS\Core\Include
  C:\Users\mason\AppData\Local\Arm\Packs\Keil\STM32F4xx_DFP\2.16.0\Drivers\CMSIS\Device\ST\STM32F4xx\Include

<h2>Collection of Component Files used:</h2>

   * Component: ARM::CMSIS:CORE:5.6.0
      Include file:  CMSIS\Core\Include\tz_context.h
Build Time Elapsed:  00:00:10
</pre>
</body>
</html>
